// Jest Snapshot v1, https://goo.gl/fbAQLP

exports[`should render Home 1`] = `
<div>
  afdasdfasdfasdfa
</div>
`;
